---
source: src/tests/detect/parse_package_json.rs
expression: package_info
snapshot_kind: text
---
HandlePackageManagerReturn {
    name: "yarn",
    agent: "yarn@berry",
    version: "berry",
}
