---
source: src/tests/detect/parse_package_json.rs
expression: package_info
snapshot_kind: text
---
HandlePackageManagerReturn {
    name: "npm",
    agent: "npm",
    version: "1.2.3",
}
