---
source: tests/commands/npm_run.rs
expression: output
snapshot_kind: text
---
["yarn", "run", "build"]
