---
source: src/tests/commands/npm_run.rs
expression: output
snapshot_kind: text
---
[
    "deno",
    "run",
    "npm:arg0",
    "arg1-0",
    "arg1-1",
]
